[INFO] Scanning for projects...
[INFO] 
[INFO] -----------------------< org.javaproject:demo1 >------------------------
[INFO] Building demo1 1.0-SNAPSHOT
[INFO]   from pom.xml
[INFO] --------------------------------[ war ]---------------------------------
[INFO] 
[INFO] --- clean:3.2.0:clean (default-clean) @ demo1 ---
[INFO] Deleting C:\Users\HP\demo1\target
[INFO] 
[INFO] --- resources:3.3.1:resources (default-resources) @ demo1 ---
[INFO] Copying 2 resources from src\main\resources to target\classes
[INFO] 
[INFO] --- compiler:3.13.0:compile (default-compile) @ demo1 ---
[INFO] Recompiling the module because of changed source code.
[INFO] Compiling 61 source files with javac [debug target 21] to target\classes
[INFO] ------------------------------------------------------------------------
[INFO] BUILD SUCCESS
[INFO] ------------------------------------------------------------------------
[INFO] Total time:  2.949 s
[INFO] Finished at: 2026-03-03T07:28:00+02:00
[INFO] ------------------------------------------------------------------------
